// Jest Snapshot v1, https://goo.gl/fbAQLP

exports[`renders homepage unchanged 1`] = `
<div>
  <div
    class="p-[100px_0]"
  >
    <div
      class="container"
    >
      <div
        class="bg-secondary-gradient p-8 rounded-lg"
      >
        <h1
          class="text-white h1"
        >
          Hellow EastSide
        </h1>
      </div>
    </div>
  </div>
</div>
`;
